2026-01-21 11:07:18
Array
(
    [url] => flights/seeru/issue
    [invoice_id] => 36361304
)


2026-01-21 11:21:42
Array
(
    [url] => flights/seeru/issue
    [invoice_id] => 36361304
)


2026-01-21 11:22:56
Array
(
    [url] => flights/seeru/issue
    [invoice_id] => 36361304
)


2026-01-21 11:26:24
Array
(
    [url] => flights/seeru/issue
    [invoice_id] => 93817911
)


2026-01-21 11:28:12
Array
(
    [url] => flights/seeru/issue
    [invoice_id] => 93817911
)


2026-01-21 11:30:20
POST: Array
(
    [invoice_id] => 93817911
)

JSON: 
Merged: Array
(
    [invoice_id] => 93817911
)


2026-01-21 11:36:41
Array
(
    [invoice_id] => 93817911
)


2026-01-21 11:38:27
RAW: invoice_id=93817911
POST: Array
(
    [invoice_id] => 93817911
)

JSON: 
Final: Array
(
    [invoice_id] => 93817911
)


2026-01-21 11:42:45
RAW: invoice_id=93817911
POST: Array
(
    [invoice_id] => 93817911
)

JSON: 
Final: Array
(
    [invoice_id] => 93817911
)


2026-01-21 11:43:09
RAW: invoice_id=93817911
POST: Array
(
    [invoice_id] => 93817911
)

JSON: 
Final: Array
(
    [invoice_id] => 93817911
)


2026-01-21 11:43:31
RAW: invoice_id=93817911
POST: Array
(
    [invoice_id] => 93817911
)

JSON: 
Final: Array
(
    [invoice_id] => 93817911
)


2026-01-21 11:45:21
RAW: invoice_id=93817911
POST: Array
(
    [invoice_id] => 93817911
)

JSON: 
Final: Array
(
    [invoice_id] => 93817911
)


2026-01-21 11:47:02
RAW: invoice_id=93817911
POST: Array
(
    [invoice_id] => 93817911
)

JSON: 
Final: Array
(
    [invoice_id] => 93817911
)


2026-01-21 11:47:52
RAW: invoice_id=93817911
POST: Array
(
    [invoice_id] => 93817911
)

JSON: 
Final: Array
(
    [invoice_id] => 93817911
)


2026-01-21 11:49:47
RAW: invoice_id=93817911
POST: Array
(
    [invoice_id] => 93817911
)

JSON: 
Final: Array
(
    [invoice_id] => 93817911
)


2026-01-21 11:52:37
RAW: invoice_id=93817911
POST: Array
(
    [invoice_id] => 93817911
)

JSON: 
Final: Array
(
    [invoice_id] => 93817911
)


2026-01-21 11:58:12
RAW: invoice_id=93817911
POST: Array
(
    [invoice_id] => 93817911
)

JSON: 
Final: Array
(
    [invoice_id] => 93817911
)


2026-01-21 11:58:30
RAW: invoice_id=93817911
POST: Array
(
    [invoice_id] => 93817911
)

JSON: 
Final: Array
(
    [invoice_id] => 93817911
)


2026-01-21 11:59:39
RAW: invoice_id=93817911
POST: Array
(
    [invoice_id] => 93817911
)

JSON: 
Final: Array
(
    [invoice_id] => 93817911
)


