2026-01-21 11:48:02
{
    "booking": {
        "price": 379.71,
        "tax": 68.85,
        "refundable_info": null,
        "search_id": "1UGJA300OWE1000000090LHEDXB20260130_EN_500-TUA.FZ.0.215.F2897997S2839100.OENCTkRDX0ZaX1BST0Q=...RUB-49.FZ.360.LHE.202601301205.DXB.202601301440.73D.NO6PK2.215.0.TUA.0.0PC.1P7K..0.0..0.0.0",
        "gds_id": 49,
        "fare_brand": "LITE",
        "price_breakdowns": {
            "ADT": {
                "total": 379.71,
                "price": 310.86,
                "label": "Adult",
                "tax": 68.85
            }
        },
        "trip_id": "LHE|2026-01-30|FZ|12:05|14:40|2026-01-30|DXB|0 kg_NO6PK2",
        "can_exchange": false,
        "src": "MW",
        "instant_issue": true,
        "can_hold": true,
        "can_void": false,
        "can_refund": false,
        "legs": [
            {
                "duration": 215,
                "bags": {
                    "unit": "pc",
                    "value": 0,
                    "ADT": {
                        "cabin": {
                            "desc": "7 kg"
                        },
                        "checked": {
                            "desc": null
                        }
                    },
                    "CHD": {
                        "cabin": {
                            "desc": "7 kg"
                        },
                        "checked": {
                            "desc": null
                        }
                    },
                    "INF": {
                        "cabin": {
                            "desc": "7 kg"
                        },
                        "checked": {
                            "desc": null
                        }
                    }
                },
                "from": {
                    "date": "2026\/01\/30 12:05",
                    "airport": "LHE",
                    "city": "Lahore",
                    "country": "Pakistan",
                    "country_iso": "PK",
                    "terminal": "Terminal M",
                    "airport_name": "Lahore"
                },
                "to": {
                    "date": "2026\/01\/30 14:40",
                    "airport": "DXB",
                    "city": "Dubai",
                    "country": "United Arab Emirates",
                    "country_iso": "AE",
                    "terminal": "Terminal 2",
                    "airport_name": "Dubai"
                },
                "stops": [],
                "stop_over": [],
                "iata": [
                    "FZ"
                ],
                "segments": [
                    {
                        "cabin": "E",
                        "cabin_name": "Economy",
                        "farebase": "NO6PK2",
                        "seats": 9,
                        "class": "N",
                        "from": {
                            "date": "2026\/01\/30 12:05",
                            "airport": "LHE",
                            "city": "Lahore",
                            "country": "Pakistan",
                            "country_iso": "PK",
                            "terminal": "Terminal M",
                            "airport_name": "Lahore"
                        },
                        "to": {
                            "date": "2026\/01\/30 14:40",
                            "airport": "DXB",
                            "city": "Dubai",
                            "country": "United Arab Emirates",
                            "country_iso": "AE",
                            "terminal": "Terminal 2",
                            "airport_name": "Dubai"
                        },
                        "equipment": "73D",
                        "iata": "FZ",
                        "equipment_name": "",
                        "flightnumber": "0360",
                        "operating": "",
                        "validating": "FZ",
                        "airline_name": "Flydubai",
                        "duration": 215
                    }
                ]
            }
        ],
        "currency": "USD",
        "from_cache": false,
        "total_pax_no_inf": 1,
        "search_query": "{\"trips\":[{\"from\":\"LHE\",\"to\":\"DXB\",\"date\":\"2026\/01\/30\"}],\"adt\":1,\"chd\":0,\"inf\":0,\"options\":{\"direct\":false,\"cabin\":\"1\",\"multiCity\":false,\"cur\":\"USD\",\"lang\":\"en\",\"office\":\"PHPTRAVELS-TEST\",\"airline\":\"\"}}",
        "cache_time": 1769001814572,
        "search_time": 1769001807474,
        "result_time": 1769001923866,
        "id": "106bc92f016d586632af1e9672d393c5"
    },
    "passengers": [
        {
            "pax_id": "",
            "type": "ADT",
            "first_name": "Super",
            "last_name": "Admin",
            "gender": "M",
            "birth_date": "-00-00",
            "document_type": "PP",
            "document_number": "32435435345",
            "document_expiry": "-00-00",
            "document_country": "",
            "nationality": "DZ"
        }
    ],
    "contact": {
        "full_name": "Super Admin",
        "email": "admin@phptravels.com",
        "mobile": "1234567890"
    }
}

2026-01-21 11:49:48
{
    "booking": {
        "price": 379.71,
        "tax": 68.85,
        "refundable_info": null,
        "search_id": "1UGJA300OWE1000000090LHEDXB20260130_EN_500-TUA.FZ.0.215.F2897997S2839100.OENCTkRDX0ZaX1BST0Q=...RUB-49.FZ.360.LHE.202601301205.DXB.202601301440.73D.NO6PK2.215.0.TUA.0.0PC.1P7K..0.0..0.0.0",
        "gds_id": 49,
        "fare_brand": "LITE",
        "price_breakdowns": {
            "ADT": {
                "total": 379.71,
                "price": 310.86,
                "label": "Adult",
                "tax": 68.85
            }
        },
        "trip_id": "LHE|2026-01-30|FZ|12:05|14:40|2026-01-30|DXB|0 kg_NO6PK2",
        "can_exchange": false,
        "src": "MW",
        "instant_issue": true,
        "can_hold": true,
        "can_void": false,
        "can_refund": false,
        "legs": [
            {
                "duration": 215,
                "bags": {
                    "unit": "pc",
                    "value": 0,
                    "ADT": {
                        "cabin": {
                            "desc": "7 kg"
                        },
                        "checked": {
                            "desc": null
                        }
                    },
                    "CHD": {
                        "cabin": {
                            "desc": "7 kg"
                        },
                        "checked": {
                            "desc": null
                        }
                    },
                    "INF": {
                        "cabin": {
                            "desc": "7 kg"
                        },
                        "checked": {
                            "desc": null
                        }
                    }
                },
                "from": {
                    "date": "2026\/01\/30 12:05",
                    "airport": "LHE",
                    "city": "Lahore",
                    "country": "Pakistan",
                    "country_iso": "PK",
                    "terminal": "Terminal M",
                    "airport_name": "Lahore"
                },
                "to": {
                    "date": "2026\/01\/30 14:40",
                    "airport": "DXB",
                    "city": "Dubai",
                    "country": "United Arab Emirates",
                    "country_iso": "AE",
                    "terminal": "Terminal 2",
                    "airport_name": "Dubai"
                },
                "stops": [],
                "stop_over": [],
                "iata": [
                    "FZ"
                ],
                "segments": [
                    {
                        "cabin": "E",
                        "cabin_name": "Economy",
                        "farebase": "NO6PK2",
                        "seats": 9,
                        "class": "N",
                        "from": {
                            "date": "2026\/01\/30 12:05",
                            "airport": "LHE",
                            "city": "Lahore",
                            "country": "Pakistan",
                            "country_iso": "PK",
                            "terminal": "Terminal M",
                            "airport_name": "Lahore"
                        },
                        "to": {
                            "date": "2026\/01\/30 14:40",
                            "airport": "DXB",
                            "city": "Dubai",
                            "country": "United Arab Emirates",
                            "country_iso": "AE",
                            "terminal": "Terminal 2",
                            "airport_name": "Dubai"
                        },
                        "equipment": "73D",
                        "iata": "FZ",
                        "equipment_name": "",
                        "flightnumber": "0360",
                        "operating": "",
                        "validating": "FZ",
                        "airline_name": "Flydubai",
                        "duration": 215
                    }
                ]
            }
        ],
        "currency": "USD",
        "from_cache": false,
        "total_pax_no_inf": 1,
        "search_query": "{\"trips\":[{\"from\":\"LHE\",\"to\":\"DXB\",\"date\":\"2026\/01\/30\"}],\"adt\":1,\"chd\":0,\"inf\":0,\"options\":{\"direct\":false,\"cabin\":\"1\",\"multiCity\":false,\"cur\":\"USD\",\"lang\":\"en\",\"office\":\"PHPTRAVELS-TEST\",\"airline\":\"\"}}",
        "cache_time": 1769001814572,
        "search_time": 1769001807474,
        "result_time": 1769001923866,
        "id": "106bc92f016d586632af1e9672d393c5"
    },
    "passengers": [
        {
            "pax_id": "",
            "type": "ADT",
            "first_name": "Super",
            "last_name": "Admin",
            "gender": "M",
            "birth_date": "-00-00",
            "document_type": "PP",
            "document_number": "32435435345",
            "document_expiry": "2030-01-01",
            "document_country": "",
            "nationality": "DZ"
        }
    ],
    "contact": {
        "full_name": "Super Admin",
        "email": "admin@phptravels.com",
        "mobile": "1234567890"
    }
}

2026-01-21 11:52:38
{
    "booking": {
        "price": 379.71,
        "tax": 68.85,
        "refundable_info": null,
        "search_id": "1UGJA300OWE1000000090LHEDXB20260130_EN_500-TUA.FZ.0.215.F2897997S2839100.OENCTkRDX0ZaX1BST0Q=...RUB-49.FZ.360.LHE.202601301205.DXB.202601301440.73D.NO6PK2.215.0.TUA.0.0PC.1P7K..0.0..0.0.0",
        "gds_id": 49,
        "fare_brand": "LITE",
        "price_breakdowns": {
            "ADT": {
                "total": 379.71,
                "price": 310.86,
                "label": "Adult",
                "tax": 68.85
            }
        },
        "trip_id": "LHE|2026-01-30|FZ|12:05|14:40|2026-01-30|DXB|0 kg_NO6PK2",
        "can_exchange": false,
        "src": "MW",
        "instant_issue": true,
        "can_hold": true,
        "can_void": false,
        "can_refund": false,
        "legs": [
            {
                "duration": 215,
                "bags": {
                    "unit": "pc",
                    "value": 0,
                    "ADT": {
                        "cabin": {
                            "desc": "7 kg"
                        },
                        "checked": {
                            "desc": null
                        }
                    },
                    "CHD": {
                        "cabin": {
                            "desc": "7 kg"
                        },
                        "checked": {
                            "desc": null
                        }
                    },
                    "INF": {
                        "cabin": {
                            "desc": "7 kg"
                        },
                        "checked": {
                            "desc": null
                        }
                    }
                },
                "from": {
                    "date": "2026\/01\/30 12:05",
                    "airport": "LHE",
                    "city": "Lahore",
                    "country": "Pakistan",
                    "country_iso": "PK",
                    "terminal": "Terminal M",
                    "airport_name": "Lahore"
                },
                "to": {
                    "date": "2026\/01\/30 14:40",
                    "airport": "DXB",
                    "city": "Dubai",
                    "country": "United Arab Emirates",
                    "country_iso": "AE",
                    "terminal": "Terminal 2",
                    "airport_name": "Dubai"
                },
                "stops": [],
                "stop_over": [],
                "iata": [
                    "FZ"
                ],
                "segments": [
                    {
                        "cabin": "E",
                        "cabin_name": "Economy",
                        "farebase": "NO6PK2",
                        "seats": 9,
                        "class": "N",
                        "from": {
                            "date": "2026\/01\/30 12:05",
                            "airport": "LHE",
                            "city": "Lahore",
                            "country": "Pakistan",
                            "country_iso": "PK",
                            "terminal": "Terminal M",
                            "airport_name": "Lahore"
                        },
                        "to": {
                            "date": "2026\/01\/30 14:40",
                            "airport": "DXB",
                            "city": "Dubai",
                            "country": "United Arab Emirates",
                            "country_iso": "AE",
                            "terminal": "Terminal 2",
                            "airport_name": "Dubai"
                        },
                        "equipment": "73D",
                        "iata": "FZ",
                        "equipment_name": "",
                        "flightnumber": "0360",
                        "operating": "",
                        "validating": "FZ",
                        "airline_name": "Flydubai",
                        "duration": 215
                    }
                ]
            }
        ],
        "currency": "USD",
        "from_cache": false,
        "total_pax_no_inf": 1,
        "search_query": "{\"trips\":[{\"from\":\"LHE\",\"to\":\"DXB\",\"date\":\"2026\/01\/30\"}],\"adt\":1,\"chd\":0,\"inf\":0,\"options\":{\"direct\":false,\"cabin\":\"1\",\"multiCity\":false,\"cur\":\"USD\",\"lang\":\"en\",\"office\":\"PHPTRAVELS-TEST\",\"airline\":\"\"}}",
        "cache_time": 1769001814572,
        "search_time": 1769001807474,
        "result_time": 1769001923866,
        "id": "106bc92f016d586632af1e9672d393c5"
    },
    "passengers": [
        {
            "pax_id": "",
            "type": "ADT",
            "first_name": "Super",
            "last_name": "Admin",
            "gender": "M",
            "birth_date": "-00-00",
            "document_type": "PP",
            "document_number": "32435435345",
            "document_expiry": "2030-01-01",
            "document_country": "",
            "nationality": "DZ"
        }
    ],
    "contact": {
        "full_name": "Super Admin",
        "email": "admin@phptravels.com",
        "mobile": "1234567890"
    }
}

2026-01-21 11:58:20
{
    "booking": {
        "price": 379.71,
        "tax": 68.85,
        "refundable_info": null,
        "search_id": "1UGJA300OWE1000000090LHEDXB20260130_EN_500-TUA.FZ.0.215.F2897997S2839100.OENCTkRDX0ZaX1BST0Q=...RUB-49.FZ.360.LHE.202601301205.DXB.202601301440.73D.NO6PK2.215.0.TUA.0.0PC.1P7K..0.0..0.0.0",
        "gds_id": 49,
        "fare_brand": "LITE",
        "price_breakdowns": {
            "ADT": {
                "total": 379.71,
                "price": 310.86,
                "label": "Adult",
                "tax": 68.85
            }
        },
        "trip_id": "LHE|2026-01-30|FZ|12:05|14:40|2026-01-30|DXB|0 kg_NO6PK2",
        "can_exchange": false,
        "src": "MW",
        "instant_issue": true,
        "can_hold": true,
        "can_void": false,
        "can_refund": false,
        "legs": [
            {
                "duration": 215,
                "bags": {
                    "unit": "pc",
                    "value": 0,
                    "ADT": {
                        "cabin": {
                            "desc": "7 kg"
                        },
                        "checked": {
                            "desc": null
                        }
                    },
                    "CHD": {
                        "cabin": {
                            "desc": "7 kg"
                        },
                        "checked": {
                            "desc": null
                        }
                    },
                    "INF": {
                        "cabin": {
                            "desc": "7 kg"
                        },
                        "checked": {
                            "desc": null
                        }
                    }
                },
                "from": {
                    "date": "2026\/01\/30 12:05",
                    "airport": "LHE",
                    "city": "Lahore",
                    "country": "Pakistan",
                    "country_iso": "PK",
                    "terminal": "Terminal M",
                    "airport_name": "Lahore"
                },
                "to": {
                    "date": "2026\/01\/30 14:40",
                    "airport": "DXB",
                    "city": "Dubai",
                    "country": "United Arab Emirates",
                    "country_iso": "AE",
                    "terminal": "Terminal 2",
                    "airport_name": "Dubai"
                },
                "stops": [],
                "stop_over": [],
                "iata": [
                    "FZ"
                ],
                "segments": [
                    {
                        "cabin": "E",
                        "cabin_name": "Economy",
                        "farebase": "NO6PK2",
                        "seats": 9,
                        "class": "N",
                        "from": {
                            "date": "2026\/01\/30 12:05",
                            "airport": "LHE",
                            "city": "Lahore",
                            "country": "Pakistan",
                            "country_iso": "PK",
                            "terminal": "Terminal M",
                            "airport_name": "Lahore"
                        },
                        "to": {
                            "date": "2026\/01\/30 14:40",
                            "airport": "DXB",
                            "city": "Dubai",
                            "country": "United Arab Emirates",
                            "country_iso": "AE",
                            "terminal": "Terminal 2",
                            "airport_name": "Dubai"
                        },
                        "equipment": "73D",
                        "iata": "FZ",
                        "equipment_name": "",
                        "flightnumber": "0360",
                        "operating": "",
                        "validating": "FZ",
                        "airline_name": "Flydubai",
                        "duration": 215
                    }
                ]
            }
        ],
        "currency": "USD",
        "from_cache": false,
        "total_pax_no_inf": 1,
        "search_query": "{\"trips\":[{\"from\":\"LHE\",\"to\":\"DXB\",\"date\":\"2026\/01\/30\"}],\"adt\":1,\"chd\":0,\"inf\":0,\"options\":{\"direct\":false,\"cabin\":\"1\",\"multiCity\":false,\"cur\":\"USD\",\"lang\":\"en\",\"office\":\"PHPTRAVELS-TEST\",\"airline\":\"\"}}",
        "cache_time": 1769001814572,
        "search_time": 1769001807474,
        "result_time": 1769001923866,
        "id": "106bc92f016d586632af1e9672d393c5"
    },
    "passengers": [
        {
            "pax_id": "",
            "type": "ADT",
            "first_name": "Super",
            "last_name": "Admin",
            "gender": "M",
            "birth_date": "-00-00",
            "document_type": "PP",
            "document_number": "32435435345",
            "document_expiry": "2030-01-01",
            "document_country": "",
            "nationality": "DZ"
        }
    ],
    "contact": {
        "full_name": "Super Admin",
        "email": "admin@phptravels.com",
        "mobile": "1234567890"
    }
}

2026-01-21 11:58:31
{
    "booking": {
        "price": 379.71,
        "tax": 68.85,
        "refundable_info": null,
        "search_id": "1UGJA300OWE1000000090LHEDXB20260130_EN_500-TUA.FZ.0.215.F2897997S2839100.OENCTkRDX0ZaX1BST0Q=...RUB-49.FZ.360.LHE.202601301205.DXB.202601301440.73D.NO6PK2.215.0.TUA.0.0PC.1P7K..0.0..0.0.0",
        "gds_id": 49,
        "fare_brand": "LITE",
        "price_breakdowns": {
            "ADT": {
                "total": 379.71,
                "price": 310.86,
                "label": "Adult",
                "tax": 68.85
            }
        },
        "trip_id": "LHE|2026-01-30|FZ|12:05|14:40|2026-01-30|DXB|0 kg_NO6PK2",
        "can_exchange": false,
        "src": "MW",
        "instant_issue": true,
        "can_hold": true,
        "can_void": false,
        "can_refund": false,
        "legs": [
            {
                "duration": 215,
                "bags": {
                    "unit": "pc",
                    "value": 0,
                    "ADT": {
                        "cabin": {
                            "desc": "7 kg"
                        },
                        "checked": {
                            "desc": null
                        }
                    },
                    "CHD": {
                        "cabin": {
                            "desc": "7 kg"
                        },
                        "checked": {
                            "desc": null
                        }
                    },
                    "INF": {
                        "cabin": {
                            "desc": "7 kg"
                        },
                        "checked": {
                            "desc": null
                        }
                    }
                },
                "from": {
                    "date": "2026\/01\/30 12:05",
                    "airport": "LHE",
                    "city": "Lahore",
                    "country": "Pakistan",
                    "country_iso": "PK",
                    "terminal": "Terminal M",
                    "airport_name": "Lahore"
                },
                "to": {
                    "date": "2026\/01\/30 14:40",
                    "airport": "DXB",
                    "city": "Dubai",
                    "country": "United Arab Emirates",
                    "country_iso": "AE",
                    "terminal": "Terminal 2",
                    "airport_name": "Dubai"
                },
                "stops": [],
                "stop_over": [],
                "iata": [
                    "FZ"
                ],
                "segments": [
                    {
                        "cabin": "E",
                        "cabin_name": "Economy",
                        "farebase": "NO6PK2",
                        "seats": 9,
                        "class": "N",
                        "from": {
                            "date": "2026\/01\/30 12:05",
                            "airport": "LHE",
                            "city": "Lahore",
                            "country": "Pakistan",
                            "country_iso": "PK",
                            "terminal": "Terminal M",
                            "airport_name": "Lahore"
                        },
                        "to": {
                            "date": "2026\/01\/30 14:40",
                            "airport": "DXB",
                            "city": "Dubai",
                            "country": "United Arab Emirates",
                            "country_iso": "AE",
                            "terminal": "Terminal 2",
                            "airport_name": "Dubai"
                        },
                        "equipment": "73D",
                        "iata": "FZ",
                        "equipment_name": "",
                        "flightnumber": "0360",
                        "operating": "",
                        "validating": "FZ",
                        "airline_name": "Flydubai",
                        "duration": 215
                    }
                ]
            }
        ],
        "currency": "USD",
        "from_cache": false,
        "total_pax_no_inf": 1,
        "search_query": "{\"trips\":[{\"from\":\"LHE\",\"to\":\"DXB\",\"date\":\"2026\/01\/30\"}],\"adt\":1,\"chd\":0,\"inf\":0,\"options\":{\"direct\":false,\"cabin\":\"1\",\"multiCity\":false,\"cur\":\"USD\",\"lang\":\"en\",\"office\":\"PHPTRAVELS-TEST\",\"airline\":\"\"}}",
        "cache_time": 1769001814572,
        "search_time": 1769001807474,
        "result_time": 1769001923866,
        "id": "106bc92f016d586632af1e9672d393c5"
    },
    "passengers": [
        {
            "pax_id": "",
            "type": "ADT",
            "first_name": "Super",
            "last_name": "Admin",
            "gender": "M",
            "birth_date": "-00-00",
            "document_type": "PP",
            "document_number": "32435435345",
            "document_expiry": "2030-01-01",
            "document_country": "",
            "nationality": "DZ"
        }
    ],
    "contact": {
        "full_name": "Super Admin",
        "email": "admin@phptravels.com",
        "mobile": "1234567890"
    }
}

2026-01-21 11:59:41
{
    "booking": {
        "price": 379.71,
        "tax": 68.85,
        "refundable_info": null,
        "search_id": "1UGJA300OWE1000000090LHEDXB20260130_EN_500-TUA.FZ.0.215.F2897997S2839100.OENCTkRDX0ZaX1BST0Q=...RUB-49.FZ.360.LHE.202601301205.DXB.202601301440.73D.NO6PK2.215.0.TUA.0.0PC.1P7K..0.0..0.0.0",
        "gds_id": 49,
        "fare_brand": "LITE",
        "price_breakdowns": {
            "ADT": {
                "total": 379.71,
                "price": 310.86,
                "label": "Adult",
                "tax": 68.85
            }
        },
        "trip_id": "LHE|2026-01-30|FZ|12:05|14:40|2026-01-30|DXB|0 kg_NO6PK2",
        "can_exchange": false,
        "src": "MW",
        "instant_issue": true,
        "can_hold": true,
        "can_void": false,
        "can_refund": false,
        "legs": [
            {
                "duration": 215,
                "bags": {
                    "unit": "pc",
                    "value": 0,
                    "ADT": {
                        "cabin": {
                            "desc": "7 kg"
                        },
                        "checked": {
                            "desc": null
                        }
                    },
                    "CHD": {
                        "cabin": {
                            "desc": "7 kg"
                        },
                        "checked": {
                            "desc": null
                        }
                    },
                    "INF": {
                        "cabin": {
                            "desc": "7 kg"
                        },
                        "checked": {
                            "desc": null
                        }
                    }
                },
                "from": {
                    "date": "2026\/01\/30 12:05",
                    "airport": "LHE",
                    "city": "Lahore",
                    "country": "Pakistan",
                    "country_iso": "PK",
                    "terminal": "Terminal M",
                    "airport_name": "Lahore"
                },
                "to": {
                    "date": "2026\/01\/30 14:40",
                    "airport": "DXB",
                    "city": "Dubai",
                    "country": "United Arab Emirates",
                    "country_iso": "AE",
                    "terminal": "Terminal 2",
                    "airport_name": "Dubai"
                },
                "stops": [],
                "stop_over": [],
                "iata": [
                    "FZ"
                ],
                "segments": [
                    {
                        "cabin": "E",
                        "cabin_name": "Economy",
                        "farebase": "NO6PK2",
                        "seats": 9,
                        "class": "N",
                        "from": {
                            "date": "2026\/01\/30 12:05",
                            "airport": "LHE",
                            "city": "Lahore",
                            "country": "Pakistan",
                            "country_iso": "PK",
                            "terminal": "Terminal M",
                            "airport_name": "Lahore"
                        },
                        "to": {
                            "date": "2026\/01\/30 14:40",
                            "airport": "DXB",
                            "city": "Dubai",
                            "country": "United Arab Emirates",
                            "country_iso": "AE",
                            "terminal": "Terminal 2",
                            "airport_name": "Dubai"
                        },
                        "equipment": "73D",
                        "iata": "FZ",
                        "equipment_name": "",
                        "flightnumber": "0360",
                        "operating": "",
                        "validating": "FZ",
                        "airline_name": "Flydubai",
                        "duration": 215
                    }
                ]
            }
        ],
        "currency": "USD",
        "from_cache": false,
        "total_pax_no_inf": 1,
        "search_query": "{\"trips\":[{\"from\":\"LHE\",\"to\":\"DXB\",\"date\":\"2026\/01\/30\"}],\"adt\":1,\"chd\":0,\"inf\":0,\"options\":{\"direct\":false,\"cabin\":\"1\",\"multiCity\":false,\"cur\":\"USD\",\"lang\":\"en\",\"office\":\"PHPTRAVELS-TEST\",\"airline\":\"\"}}",
        "cache_time": 1769001814572,
        "search_time": 1769001807474,
        "result_time": 1769001923866,
        "id": "106bc92f016d586632af1e9672d393c5"
    },
    "passengers": [
        {
            "pax_id": "",
            "type": "ADT",
            "first_name": "Super",
            "last_name": "Admin",
            "gender": "M",
            "birth_date": "1990-01-01",
            "document_type": "PP",
            "document_number": "32435435345",
            "document_expiry": "2030-12-01",
            "document_country": "",
            "nationality": "DZ"
        }
    ],
    "contact": {
        "full_name": "Super Admin",
        "email": "admin@phptravels.com",
        "mobile": "1234567890"
    }
}

